Archive member included to satisfy reference by file (symbol)

d:/mis_programas/atollic/truestudio for stm32 9.0.1/armtools/bin/../lib/gcc/arm-atollic-eabi/6.3.1/../../../../arm-atollic-eabi/lib/armv7e-m/fpu\libc_nano.a(lib_a-init.o)
                              startup\startup_stm32f302x8.o (__libc_init_array)

Discarded input sections

 .text          0x00000000        0x0 d:/mis_programas/atollic/truestudio for stm32 9.0.1/armtools/bin/../lib/gcc/arm-atollic-eabi/6.3.1/armv7e-m/fpu/crti.o
 .data          0x00000000        0x0 d:/mis_programas/atollic/truestudio for stm32 9.0.1/armtools/bin/../lib/gcc/arm-atollic-eabi/6.3.1/armv7e-m/fpu/crti.o
 .bss           0x00000000        0x0 d:/mis_programas/atollic/truestudio for stm32 9.0.1/armtools/bin/../lib/gcc/arm-atollic-eabi/6.3.1/armv7e-m/fpu/crti.o
 .data          0x00000000        0x4 d:/mis_programas/atollic/truestudio for stm32 9.0.1/armtools/bin/../lib/gcc/arm-atollic-eabi/6.3.1/armv7e-m/fpu/crtbegin.o
 .text          0x00000000        0x0 Drivers\STM32F3xx_HAL_Driver\Src\stm32f3xx_ll_adc.o
 .data          0x00000000        0x0 Drivers\STM32F3xx_HAL_Driver\Src\stm32f3xx_ll_adc.o
 .bss           0x00000000        0x0 Drivers\STM32F3xx_HAL_Driver\Src\stm32f3xx_ll_adc.o
 .text.LL_ADC_CommonDeInit
                0x00000000       0x1c Drivers\STM32F3xx_HAL_Driver\Src\stm32f3xx_ll_adc.o
 .text.LL_ADC_CommonStructInit
                0x00000000        0x8 Drivers\STM32F3xx_HAL_Driver\Src\stm32f3xx_ll_adc.o
 .text.LL_ADC_DeInit
                0x00000000      0x1e4 Drivers\STM32F3xx_HAL_Driver\Src\stm32f3xx_ll_adc.o
 .text.LL_ADC_StructInit
                0x00000000        0xa Drivers\STM32F3xx_HAL_Driver\Src\stm32f3xx_ll_adc.o
 .text.LL_ADC_REG_StructInit
                0x00000000       0x14 Drivers\STM32F3xx_HAL_Driver\Src\stm32f3xx_ll_adc.o
 .text.LL_ADC_INJ_Init
                0x00000000       0x32 Drivers\STM32F3xx_HAL_Driver\Src\stm32f3xx_ll_adc.o
 .text.LL_ADC_INJ_StructInit
                0x00000000        0xc Drivers\STM32F3xx_HAL_Driver\Src\stm32f3xx_ll_adc.o
 .text          0x00000000        0x0 Drivers\STM32F3xx_HAL_Driver\Src\stm32f3xx_ll_dma.o
 .data          0x00000000        0x0 Drivers\STM32F3xx_HAL_Driver\Src\stm32f3xx_ll_dma.o
 .bss           0x00000000        0x0 Drivers\STM32F3xx_HAL_Driver\Src\stm32f3xx_ll_dma.o
 .text.LL_DMA_DeInit
                0x00000000       0xbc Drivers\STM32F3xx_HAL_Driver\Src\stm32f3xx_ll_dma.o
 .text.LL_DMA_Init
                0x00000000       0x50 Drivers\STM32F3xx_HAL_Driver\Src\stm32f3xx_ll_dma.o
 .text.LL_DMA_StructInit
                0x00000000       0x18 Drivers\STM32F3xx_HAL_Driver\Src\stm32f3xx_ll_dma.o
 .rodata.CHANNEL_OFFSET_TAB
                0x00000000        0x7 Drivers\STM32F3xx_HAL_Driver\Src\stm32f3xx_ll_dma.o
 .debug_info    0x00000000      0x63a Drivers\STM32F3xx_HAL_Driver\Src\stm32f3xx_ll_dma.o
 .debug_abbrev  0x00000000      0x216 Drivers\STM32F3xx_HAL_Driver\Src\stm32f3xx_ll_dma.o
 .debug_loc     0x00000000      0x2b1 Drivers\STM32F3xx_HAL_Driver\Src\stm32f3xx_ll_dma.o
 .debug_aranges
                0x00000000       0x30 Drivers\STM32F3xx_HAL_Driver\Src\stm32f3xx_ll_dma.o
 .debug_ranges  0x00000000       0x70 Drivers\STM32F3xx_HAL_Driver\Src\stm32f3xx_ll_dma.o
 .debug_line    0x00000000      0x33b Drivers\STM32F3xx_HAL_Driver\Src\stm32f3xx_ll_dma.o
 .debug_str     0x00000000      0x4c2 Drivers\STM32F3xx_HAL_Driver\Src\stm32f3xx_ll_dma.o
 .comment       0x00000000       0x7d Drivers\STM32F3xx_HAL_Driver\Src\stm32f3xx_ll_dma.o
 .debug_frame   0x00000000       0x4c Drivers\STM32F3xx_HAL_Driver\Src\stm32f3xx_ll_dma.o
 .ARM.attributes
                0x00000000       0x39 Drivers\STM32F3xx_HAL_Driver\Src\stm32f3xx_ll_dma.o
 .text          0x00000000        0x0 Drivers\STM32F3xx_HAL_Driver\Src\stm32f3xx_ll_exti.o
 .data          0x00000000        0x0 Drivers\STM32F3xx_HAL_Driver\Src\stm32f3xx_ll_exti.o
 .bss           0x00000000        0x0 Drivers\STM32F3xx_HAL_Driver\Src\stm32f3xx_ll_exti.o
 .text.LL_EXTI_DeInit
                0x00000000       0x34 Drivers\STM32F3xx_HAL_Driver\Src\stm32f3xx_ll_exti.o
 .text.LL_EXTI_Init
                0x00000000      0x144 Drivers\STM32F3xx_HAL_Driver\Src\stm32f3xx_ll_exti.o
 .text.LL_EXTI_StructInit
                0x00000000       0x10 Drivers\STM32F3xx_HAL_Driver\Src\stm32f3xx_ll_exti.o
 .debug_info    0x00000000      0x764 Drivers\STM32F3xx_HAL_Driver\Src\stm32f3xx_ll_exti.o
 .debug_abbrev  0x00000000      0x1ea Drivers\STM32F3xx_HAL_Driver\Src\stm32f3xx_ll_exti.o
 .debug_loc     0x00000000      0x2eb Drivers\STM32F3xx_HAL_Driver\Src\stm32f3xx_ll_exti.o
 .debug_aranges
                0x00000000       0x30 Drivers\STM32F3xx_HAL_Driver\Src\stm32f3xx_ll_exti.o
 .debug_ranges  0x00000000       0x68 Drivers\STM32F3xx_HAL_Driver\Src\stm32f3xx_ll_exti.o
 .debug_line    0x00000000      0x2fd Drivers\STM32F3xx_HAL_Driver\Src\stm32f3xx_ll_exti.o
 .debug_str     0x00000000      0x51a Drivers\STM32F3xx_HAL_Driver\Src\stm32f3xx_ll_exti.o
 .comment       0x00000000       0x7d Drivers\STM32F3xx_HAL_Driver\Src\stm32f3xx_ll_exti.o
 .debug_frame   0x00000000       0x48 Drivers\STM32F3xx_HAL_Driver\Src\stm32f3xx_ll_exti.o
 .ARM.attributes
                0x00000000       0x39 Drivers\STM32F3xx_HAL_Driver\Src\stm32f3xx_ll_exti.o
 .text          0x00000000        0x0 Drivers\STM32F3xx_HAL_Driver\Src\stm32f3xx_ll_gpio.o
 .data          0x00000000        0x0 Drivers\STM32F3xx_HAL_Driver\Src\stm32f3xx_ll_gpio.o
 .bss           0x00000000        0x0 Drivers\STM32F3xx_HAL_Driver\Src\stm32f3xx_ll_gpio.o
 .text.LL_GPIO_DeInit
                0x00000000       0xac Drivers\STM32F3xx_HAL_Driver\Src\stm32f3xx_ll_gpio.o
 .text.LL_GPIO_StructInit
                0x00000000       0x18 Drivers\STM32F3xx_HAL_Driver\Src\stm32f3xx_ll_gpio.o
 .text          0x00000000        0x0 Drivers\STM32F3xx_HAL_Driver\Src\stm32f3xx_ll_rcc.o
 .data          0x00000000        0x0 Drivers\STM32F3xx_HAL_Driver\Src\stm32f3xx_ll_rcc.o
 .bss           0x00000000        0x0 Drivers\STM32F3xx_HAL_Driver\Src\stm32f3xx_ll_rcc.o
 .text.LL_RCC_DeInit
                0x00000000       0x48 Drivers\STM32F3xx_HAL_Driver\Src\stm32f3xx_ll_rcc.o
 .text.LL_RCC_GetUSBClockFreq
                0x00000000       0x34 Drivers\STM32F3xx_HAL_Driver\Src\stm32f3xx_ll_rcc.o
 .text.LL_RCC_GetI2CClockFreq
                0x00000000       0x48 Drivers\STM32F3xx_HAL_Driver\Src\stm32f3xx_ll_rcc.o
 .text.LL_RCC_GetI2SClockFreq
                0x00000000       0x18 Drivers\STM32F3xx_HAL_Driver\Src\stm32f3xx_ll_rcc.o
 .text.LL_RCC_GetADCClockFreq
                0x00000000       0x4c Drivers\STM32F3xx_HAL_Driver\Src\stm32f3xx_ll_rcc.o
 .text.LL_RCC_GetTIMClockFreq
                0x00000000       0x58 Drivers\STM32F3xx_HAL_Driver\Src\stm32f3xx_ll_rcc.o
 .rodata.aADCPrescTable
                0x00000000       0x20 Drivers\STM32F3xx_HAL_Driver\Src\stm32f3xx_ll_rcc.o
 .text          0x00000000        0x0 Drivers\STM32F3xx_HAL_Driver\Src\stm32f3xx_ll_tim.o
 .data          0x00000000        0x0 Drivers\STM32F3xx_HAL_Driver\Src\stm32f3xx_ll_tim.o
 .bss           0x00000000        0x0 Drivers\STM32F3xx_HAL_Driver\Src\stm32f3xx_ll_tim.o
 .text.LL_TIM_DeInit
                0x00000000       0xbc Drivers\STM32F3xx_HAL_Driver\Src\stm32f3xx_ll_tim.o
 .text.LL_TIM_StructInit
                0x00000000       0x12 Drivers\STM32F3xx_HAL_Driver\Src\stm32f3xx_ll_tim.o
 .text.LL_TIM_OC_StructInit
                0x00000000       0x14 Drivers\STM32F3xx_HAL_Driver\Src\stm32f3xx_ll_tim.o
 .text.LL_TIM_IC_StructInit
                0x00000000       0x10 Drivers\STM32F3xx_HAL_Driver\Src\stm32f3xx_ll_tim.o
 .text.LL_TIM_IC_Init
                0x00000000       0xd8 Drivers\STM32F3xx_HAL_Driver\Src\stm32f3xx_ll_tim.o
 .text.LL_TIM_ENCODER_StructInit
                0x00000000       0x1c Drivers\STM32F3xx_HAL_Driver\Src\stm32f3xx_ll_tim.o
 .text.LL_TIM_ENCODER_Init
                0x00000000       0x5e Drivers\STM32F3xx_HAL_Driver\Src\stm32f3xx_ll_tim.o
 .text.LL_TIM_HALLSENSOR_StructInit
                0x00000000        0xc Drivers\STM32F3xx_HAL_Driver\Src\stm32f3xx_ll_tim.o
 .text.LL_TIM_HALLSENSOR_Init
                0x00000000       0x5a Drivers\STM32F3xx_HAL_Driver\Src\stm32f3xx_ll_tim.o
 .text.LL_TIM_BDTR_StructInit
                0x00000000       0x1a Drivers\STM32F3xx_HAL_Driver\Src\stm32f3xx_ll_tim.o
 .text          0x00000000        0x0 Drivers\STM32F3xx_HAL_Driver\Src\stm32f3xx_ll_usart.o
 .data          0x00000000        0x0 Drivers\STM32F3xx_HAL_Driver\Src\stm32f3xx_ll_usart.o
 .bss           0x00000000        0x0 Drivers\STM32F3xx_HAL_Driver\Src\stm32f3xx_ll_usart.o
 .text.LL_USART_DeInit
                0x00000000       0x64 Drivers\STM32F3xx_HAL_Driver\Src\stm32f3xx_ll_usart.o
 .text.LL_USART_StructInit
                0x00000000       0x18 Drivers\STM32F3xx_HAL_Driver\Src\stm32f3xx_ll_usart.o
 .text.LL_USART_ClockInit
                0x00000000       0x34 Drivers\STM32F3xx_HAL_Driver\Src\stm32f3xx_ll_usart.o
 .text.LL_USART_ClockStructInit
                0x00000000        0xc Drivers\STM32F3xx_HAL_Driver\Src\stm32f3xx_ll_usart.o
 .text          0x00000000        0x0 Drivers\STM32F3xx_HAL_Driver\Src\stm32f3xx_ll_utils.o
 .data          0x00000000        0x0 Drivers\STM32F3xx_HAL_Driver\Src\stm32f3xx_ll_utils.o
 .bss           0x00000000        0x0 Drivers\STM32F3xx_HAL_Driver\Src\stm32f3xx_ll_utils.o
 .text.UTILS_SetFlashLatency
                0x00000000       0x3c Drivers\STM32F3xx_HAL_Driver\Src\stm32f3xx_ll_utils.o
 .text.UTILS_EnablePLLAndSwitchSystem
                0x00000000       0xb4 Drivers\STM32F3xx_HAL_Driver\Src\stm32f3xx_ll_utils.o
 .text.LL_mDelay
                0x00000000       0x28 Drivers\STM32F3xx_HAL_Driver\Src\stm32f3xx_ll_utils.o
 .text.LL_PLL_ConfigSystemClock_HSI
                0x00000000       0x68 Drivers\STM32F3xx_HAL_Driver\Src\stm32f3xx_ll_utils.o
 .text.LL_PLL_ConfigSystemClock_HSE
                0x00000000       0x7c Drivers\STM32F3xx_HAL_Driver\Src\stm32f3xx_ll_utils.o
 .text          0x00000000        0x0 Src\main.o
 .data          0x00000000        0x0 Src\main.o
 .bss           0x00000000        0x0 Src\main.o
 .text._Error_Handler
                0x00000000        0x2 Src\main.o
 .text          0x00000000        0x0 Src\stm32f3xx_it.o
 .data          0x00000000        0x0 Src\stm32f3xx_it.o
 .bss           0x00000000        0x0 Src\stm32f3xx_it.o
 .text          0x00000000        0x0 Src\system_stm32f3xx.o
 .data          0x00000000        0x0 Src\system_stm32f3xx.o
 .bss           0x00000000        0x0 Src\system_stm32f3xx.o
 .text.SystemCoreClockUpdate
                0x00000000       0x68 Src\system_stm32f3xx.o
 .text          0x00000000       0x14 startup\startup_stm32f302x8.o
 .data          0x00000000        0x0 startup\startup_stm32f302x8.o
 .bss           0x00000000        0x0 startup\startup_stm32f302x8.o
 .text          0x00000000        0x0 d:/mis_programas/atollic/truestudio for stm32 9.0.1/armtools/bin/../lib/gcc/arm-atollic-eabi/6.3.1/../../../../arm-atollic-eabi/lib/armv7e-m/fpu\libc_nano.a(lib_a-init.o)
 .data          0x00000000        0x0 d:/mis_programas/atollic/truestudio for stm32 9.0.1/armtools/bin/../lib/gcc/arm-atollic-eabi/6.3.1/../../../../arm-atollic-eabi/lib/armv7e-m/fpu\libc_nano.a(lib_a-init.o)
 .bss           0x00000000        0x0 d:/mis_programas/atollic/truestudio for stm32 9.0.1/armtools/bin/../lib/gcc/arm-atollic-eabi/6.3.1/../../../../arm-atollic-eabi/lib/armv7e-m/fpu\libc_nano.a(lib_a-init.o)
 .text          0x00000000        0x0 d:/mis_programas/atollic/truestudio for stm32 9.0.1/armtools/bin/../lib/gcc/arm-atollic-eabi/6.3.1/armv7e-m/fpu/crtend.o
 .data          0x00000000        0x0 d:/mis_programas/atollic/truestudio for stm32 9.0.1/armtools/bin/../lib/gcc/arm-atollic-eabi/6.3.1/armv7e-m/fpu/crtend.o
 .bss           0x00000000        0x0 d:/mis_programas/atollic/truestudio for stm32 9.0.1/armtools/bin/../lib/gcc/arm-atollic-eabi/6.3.1/armv7e-m/fpu/crtend.o
 .eh_frame      0x00000000        0x4 d:/mis_programas/atollic/truestudio for stm32 9.0.1/armtools/bin/../lib/gcc/arm-atollic-eabi/6.3.1/armv7e-m/fpu/crtend.o
 .ARM.attributes
                0x00000000       0x34 d:/mis_programas/atollic/truestudio for stm32 9.0.1/armtools/bin/../lib/gcc/arm-atollic-eabi/6.3.1/armv7e-m/fpu/crtend.o
 .text          0x00000000        0x0 d:/mis_programas/atollic/truestudio for stm32 9.0.1/armtools/bin/../lib/gcc/arm-atollic-eabi/6.3.1/armv7e-m/fpu/crtn.o
 .data          0x00000000        0x0 d:/mis_programas/atollic/truestudio for stm32 9.0.1/armtools/bin/../lib/gcc/arm-atollic-eabi/6.3.1/armv7e-m/fpu/crtn.o
 .bss           0x00000000        0x0 d:/mis_programas/atollic/truestudio for stm32 9.0.1/armtools/bin/../lib/gcc/arm-atollic-eabi/6.3.1/armv7e-m/fpu/crtn.o

Memory Configuration

Name             Origin             Length             Attributes
RAM              0x20000000         0x00004000         xrw
FLASH            0x08000000         0x00010000         xr
*default*        0x00000000         0xffffffff

Linker script and memory map

LOAD d:/mis_programas/atollic/truestudio for stm32 9.0.1/armtools/bin/../lib/gcc/arm-atollic-eabi/6.3.1/armv7e-m/fpu/crti.o
LOAD d:/mis_programas/atollic/truestudio for stm32 9.0.1/armtools/bin/../lib/gcc/arm-atollic-eabi/6.3.1/armv7e-m/fpu/crtbegin.o
LOAD Drivers\STM32F3xx_HAL_Driver\Src\stm32f3xx_ll_adc.o
LOAD Drivers\STM32F3xx_HAL_Driver\Src\stm32f3xx_ll_dma.o
LOAD Drivers\STM32F3xx_HAL_Driver\Src\stm32f3xx_ll_exti.o
LOAD Drivers\STM32F3xx_HAL_Driver\Src\stm32f3xx_ll_gpio.o
LOAD Drivers\STM32F3xx_HAL_Driver\Src\stm32f3xx_ll_rcc.o
LOAD Drivers\STM32F3xx_HAL_Driver\Src\stm32f3xx_ll_tim.o
LOAD Drivers\STM32F3xx_HAL_Driver\Src\stm32f3xx_ll_usart.o
LOAD Drivers\STM32F3xx_HAL_Driver\Src\stm32f3xx_ll_utils.o
LOAD Src\main.o
LOAD Src\stm32f3xx_it.o
LOAD Src\system_stm32f3xx.o
LOAD startup\startup_stm32f302x8.o
                0x00000080                malloc_getpagesize_P = 0x80
START GROUP
LOAD d:/mis_programas/atollic/truestudio for stm32 9.0.1/armtools/bin/../lib/gcc/arm-atollic-eabi/6.3.1/../../../../arm-atollic-eabi/lib/armv7e-m/fpu\libc_nano.a
LOAD d:/mis_programas/atollic/truestudio for stm32 9.0.1/armtools/bin/../lib/gcc/arm-atollic-eabi/6.3.1/../../../../arm-atollic-eabi/lib/armv7e-m/fpu\libm.a
END GROUP
START GROUP
LOAD d:/mis_programas/atollic/truestudio for stm32 9.0.1/armtools/bin/../lib/gcc/arm-atollic-eabi/6.3.1/armv7e-m/fpu\libgcc.a
LOAD d:/mis_programas/atollic/truestudio for stm32 9.0.1/armtools/bin/../lib/gcc/arm-atollic-eabi/6.3.1/../../../../arm-atollic-eabi/lib/armv7e-m/fpu\libc_nano.a
END GROUP
START GROUP
LOAD d:/mis_programas/atollic/truestudio for stm32 9.0.1/armtools/bin/../lib/gcc/arm-atollic-eabi/6.3.1/armv7e-m/fpu\libgcc.a
LOAD d:/mis_programas/atollic/truestudio for stm32 9.0.1/armtools/bin/../lib/gcc/arm-atollic-eabi/6.3.1/../../../../arm-atollic-eabi/lib/armv7e-m/fpu\libc_nano.a
LOAD d:/mis_programas/atollic/truestudio for stm32 9.0.1/armtools/bin/../lib/gcc/arm-atollic-eabi/6.3.1/../../../../arm-atollic-eabi/lib/armv7e-m/fpu\libnosys.a
END GROUP
START GROUP
LOAD d:/mis_programas/atollic/truestudio for stm32 9.0.1/armtools/bin/../lib/gcc/arm-atollic-eabi/6.3.1/armv7e-m/fpu\libgcc.a
LOAD d:/mis_programas/atollic/truestudio for stm32 9.0.1/armtools/bin/../lib/gcc/arm-atollic-eabi/6.3.1/../../../../arm-atollic-eabi/lib/armv7e-m/fpu\libc_nano.a
LOAD d:/mis_programas/atollic/truestudio for stm32 9.0.1/armtools/bin/../lib/gcc/arm-atollic-eabi/6.3.1/../../../../arm-atollic-eabi/lib/armv7e-m/fpu\libnosys.a
END GROUP
LOAD d:/mis_programas/atollic/truestudio for stm32 9.0.1/armtools/bin/../lib/gcc/arm-atollic-eabi/6.3.1/armv7e-m/fpu/crtend.o
LOAD d:/mis_programas/atollic/truestudio for stm32 9.0.1/armtools/bin/../lib/gcc/arm-atollic-eabi/6.3.1/armv7e-m/fpu/crtn.o
                0x20004000                _estack = 0x20004000
                0x00000200                _Min_Heap_Size = 0x200
                0x00000400                _Min_Stack_Size = 0x400

.isr_vector     0x08000000      0x188
                0x08000000                . = ALIGN (0x4)
 *(.isr_vector)
 .isr_vector    0x08000000      0x188 startup\startup_stm32f302x8.o
                0x08000000                g_pfnVectors
                0x08000188                . = ALIGN (0x4)

.text           0x08000188     0x11b8
                0x08000188                . = ALIGN (0x4)
 *(.text)
 .text          0x08000188       0x40 d:/mis_programas/atollic/truestudio for stm32 9.0.1/armtools/bin/../lib/gcc/arm-atollic-eabi/6.3.1/armv7e-m/fpu/crtbegin.o
 *(.text*)
 .text.LL_ADC_CommonInit
                0x080001c8       0x1e Drivers\STM32F3xx_HAL_Driver\Src\stm32f3xx_ll_adc.o
                0x080001c8                LL_ADC_CommonInit
 .text.LL_ADC_Init
                0x080001e6       0x28 Drivers\STM32F3xx_HAL_Driver\Src\stm32f3xx_ll_adc.o
                0x080001e6                LL_ADC_Init
 *fill*         0x0800020e        0x2 
 .text.LL_ADC_REG_Init
                0x08000210       0x54 Drivers\STM32F3xx_HAL_Driver\Src\stm32f3xx_ll_adc.o
                0x08000210                LL_ADC_REG_Init
 .text.LL_GPIO_Init
                0x08000264      0x144 Drivers\STM32F3xx_HAL_Driver\Src\stm32f3xx_ll_gpio.o
                0x08000264                LL_GPIO_Init
 .text.RCC_GetHCLKClockFreq
                0x080003a8       0x18 Drivers\STM32F3xx_HAL_Driver\Src\stm32f3xx_ll_rcc.o
                0x080003a8                RCC_GetHCLKClockFreq
 .text.RCC_GetPCLK1ClockFreq
                0x080003c0       0x18 Drivers\STM32F3xx_HAL_Driver\Src\stm32f3xx_ll_rcc.o
                0x080003c0                RCC_GetPCLK1ClockFreq
 .text.RCC_GetPCLK2ClockFreq
                0x080003d8       0x18 Drivers\STM32F3xx_HAL_Driver\Src\stm32f3xx_ll_rcc.o
                0x080003d8                RCC_GetPCLK2ClockFreq
 .text.RCC_PLL_GetFreqDomain_SYS
                0x080003f0       0x44 Drivers\STM32F3xx_HAL_Driver\Src\stm32f3xx_ll_rcc.o
                0x080003f0                RCC_PLL_GetFreqDomain_SYS
 .text.RCC_GetSystemClockFreq
                0x08000434       0x1c Drivers\STM32F3xx_HAL_Driver\Src\stm32f3xx_ll_rcc.o
                0x08000434                RCC_GetSystemClockFreq
 .text.LL_RCC_GetSystemClocksFreq
                0x08000450       0x20 Drivers\STM32F3xx_HAL_Driver\Src\stm32f3xx_ll_rcc.o
                0x08000450                LL_RCC_GetSystemClocksFreq
 .text.LL_RCC_GetUSARTClockFreq
                0x08000470       0x58 Drivers\STM32F3xx_HAL_Driver\Src\stm32f3xx_ll_rcc.o
                0x08000470                LL_RCC_GetUSARTClockFreq
 .text.LL_TIM_Init
                0x080004c8       0x84 Drivers\STM32F3xx_HAL_Driver\Src\stm32f3xx_ll_tim.o
                0x080004c8                LL_TIM_Init
 .text.LL_TIM_OC_Init
                0x0800054c      0x2d0 Drivers\STM32F3xx_HAL_Driver\Src\stm32f3xx_ll_tim.o
                0x0800054c                LL_TIM_OC_Init
 .text.LL_TIM_BDTR_Init
                0x0800081c       0x60 Drivers\STM32F3xx_HAL_Driver\Src\stm32f3xx_ll_tim.o
                0x0800081c                LL_TIM_BDTR_Init
 .text.LL_USART_Init
                0x0800087c       0xb4 Drivers\STM32F3xx_HAL_Driver\Src\stm32f3xx_ll_usart.o
                0x0800087c                LL_USART_Init
 .text.LL_Init1msTick
                0x08000930       0x1c Drivers\STM32F3xx_HAL_Driver\Src\stm32f3xx_ll_utils.o
                0x08000930                LL_Init1msTick
 .text.LL_SetSystemCoreClock
                0x0800094c        0xc Drivers\STM32F3xx_HAL_Driver\Src\stm32f3xx_ll_utils.o
                0x0800094c                LL_SetSystemCoreClock
 .text.NVIC_GetPriorityGrouping
                0x08000958       0x10 Src\main.o
 .text.LL_AHB1_GRP1_EnableClock
                0x08000968       0x1c Src\main.o
 .text.LL_APB1_GRP1_EnableClock
                0x08000984       0x1c Src\main.o
 .text.LL_APB2_GRP1_EnableClock
                0x080009a0       0x1c Src\main.o
 .text.NVIC_EncodePriority.constprop.17
                0x080009bc        0x4 Src\main.o
 .text.SystemClock_Config
                0x080009c0       0xf8 Src\main.o
                0x080009c0                SystemClock_Config
 .text.startup.main
                0x08000ab8      0x72c Src\main.o
                0x08000ab8                main
 .text.NMI_Handler
                0x080011e4        0x2 Src\stm32f3xx_it.o
                0x080011e4                NMI_Handler
 .text.HardFault_Handler
                0x080011e6        0x2 Src\stm32f3xx_it.o
                0x080011e6                HardFault_Handler
 .text.MemManage_Handler
                0x080011e8        0x2 Src\stm32f3xx_it.o
                0x080011e8                MemManage_Handler
 .text.BusFault_Handler
                0x080011ea        0x2 Src\stm32f3xx_it.o
                0x080011ea                BusFault_Handler
 .text.UsageFault_Handler
                0x080011ec        0x2 Src\stm32f3xx_it.o
                0x080011ec                UsageFault_Handler
 .text.SVC_Handler
                0x080011ee        0x2 Src\stm32f3xx_it.o
                0x080011ee                SVC_Handler
 .text.DebugMon_Handler
                0x080011f0        0x2 Src\stm32f3xx_it.o
                0x080011f0                DebugMon_Handler
 .text.PendSV_Handler
                0x080011f2        0x2 Src\stm32f3xx_it.o
                0x080011f2                PendSV_Handler
 .text.SysTick_Handler
                0x080011f4        0x2 Src\stm32f3xx_it.o
                0x080011f4                SysTick_Handler
 .text.DMA1_Channel1_IRQHandler
                0x080011f6        0x2 Src\stm32f3xx_it.o
                0x080011f6                DMA1_Channel1_IRQHandler
 .text.DMA1_Channel4_IRQHandler
                0x080011f8        0x2 Src\stm32f3xx_it.o
                0x080011f8                DMA1_Channel4_IRQHandler
 .text.DMA1_Channel5_IRQHandler
                0x080011fa        0x2 Src\stm32f3xx_it.o
                0x080011fa                DMA1_Channel5_IRQHandler
 .text.DMA1_Channel6_IRQHandler
                0x080011fc        0x2 Src\stm32f3xx_it.o
                0x080011fc                DMA1_Channel6_IRQHandler
 *fill*         0x080011fe        0x2 
 .text.TIM1_TRG_COM_TIM17_IRQHandler
                0x08001200       0x20 Src\stm32f3xx_it.o
                0x08001200                TIM1_TRG_COM_TIM17_IRQHandler
 .text.USART1_IRQHandler
                0x08001220        0x2 Src\stm32f3xx_it.o
                0x08001220                USART1_IRQHandler
 .text.USART2_IRQHandler
                0x08001222        0x2 Src\stm32f3xx_it.o
                0x08001222                USART2_IRQHandler
 .text.SystemInit
                0x08001224       0x68 Src\system_stm32f3xx.o
                0x08001224                SystemInit
 .text.Reset_Handler
                0x0800128c       0x50 startup\startup_stm32f302x8.o
                0x0800128c                Reset_Handler
 .text.Default_Handler
                0x080012dc        0x2 startup\startup_stm32f302x8.o
                0x080012dc                RTC_Alarm_IRQHandler
                0x080012dc                TIM1_CC_IRQHandler
                0x080012dc                USB_HP_IRQHandler
                0x080012dc                PVD_IRQHandler
                0x080012dc                TAMP_STAMP_IRQHandler
                0x080012dc                EXTI3_IRQHandler
                0x080012dc                I2C3_ER_IRQHandler
                0x080012dc                USB_HP_CAN_TX_IRQHandler
                0x080012dc                EXTI0_IRQHandler
                0x080012dc                I2C2_EV_IRQHandler
                0x080012dc                FPU_IRQHandler
                0x080012dc                TIM1_UP_TIM16_IRQHandler
                0x080012dc                CAN_SCE_IRQHandler
                0x080012dc                TIM6_DAC_IRQHandler
                0x080012dc                ADC1_IRQHandler
                0x080012dc                USART3_IRQHandler
                0x080012dc                DMA1_Channel7_IRQHandler
                0x080012dc                CAN_RX1_IRQHandler
                0x080012dc                I2C1_EV_IRQHandler
                0x080012dc                RCC_IRQHandler
                0x080012dc                Default_Handler
                0x080012dc                USBWakeUp_RMP_IRQHandler
                0x080012dc                EXTI15_10_IRQHandler
                0x080012dc                COMP2_IRQHandler
                0x080012dc                I2C3_EV_IRQHandler
                0x080012dc                EXTI9_5_IRQHandler
                0x080012dc                RTC_WKUP_IRQHandler
                0x080012dc                SPI2_IRQHandler
                0x080012dc                USB_LP_CAN_RX0_IRQHandler
                0x080012dc                USB_LP_IRQHandler
                0x080012dc                EXTI4_IRQHandler
                0x080012dc                DMA1_Channel3_IRQHandler
                0x080012dc                WWDG_IRQHandler
                0x080012dc                TIM2_IRQHandler
                0x080012dc                EXTI1_IRQHandler
                0x080012dc                COMP4_6_IRQHandler
                0x080012dc                I2C2_ER_IRQHandler
                0x080012dc                DMA1_Channel2_IRQHandler
                0x080012dc                FLASH_IRQHandler
                0x080012dc                SPI3_IRQHandler
                0x080012dc                I2C1_ER_IRQHandler
                0x080012dc                USBWakeUp_IRQHandler
                0x080012dc                EXTI2_TSC_IRQHandler
                0x080012dc                TIM1_BRK_TIM15_IRQHandler
 *fill*         0x080012de        0x2 
 .text.__libc_init_array
                0x080012e0       0x48 d:/mis_programas/atollic/truestudio for stm32 9.0.1/armtools/bin/../lib/gcc/arm-atollic-eabi/6.3.1/../../../../arm-atollic-eabi/lib/armv7e-m/fpu\libc_nano.a(lib_a-init.o)
                0x080012e0                __libc_init_array
 *(.glue_7)
 .glue_7        0x08001328        0x0 linker stubs
 *(.glue_7t)
 .glue_7t       0x08001328        0x0 linker stubs
 *(.eh_frame)
 .eh_frame      0x08001328        0x0 d:/mis_programas/atollic/truestudio for stm32 9.0.1/armtools/bin/../lib/gcc/arm-atollic-eabi/6.3.1/armv7e-m/fpu/crtbegin.o
 *(.init)
 .init          0x08001328        0x4 d:/mis_programas/atollic/truestudio for stm32 9.0.1/armtools/bin/../lib/gcc/arm-atollic-eabi/6.3.1/armv7e-m/fpu/crti.o
                0x08001328                _init
 .init          0x0800132c        0x8 d:/mis_programas/atollic/truestudio for stm32 9.0.1/armtools/bin/../lib/gcc/arm-atollic-eabi/6.3.1/armv7e-m/fpu/crtn.o
 *(.fini)
 .fini          0x08001334        0x4 d:/mis_programas/atollic/truestudio for stm32 9.0.1/armtools/bin/../lib/gcc/arm-atollic-eabi/6.3.1/armv7e-m/fpu/crti.o
                0x08001334                _fini
 .fini          0x08001338        0x8 d:/mis_programas/atollic/truestudio for stm32 9.0.1/armtools/bin/../lib/gcc/arm-atollic-eabi/6.3.1/armv7e-m/fpu/crtn.o
                0x08001340                . = ALIGN (0x4)
                0x08001340                _etext = .

.vfp11_veneer   0x08001340        0x0
 .vfp11_veneer  0x08001340        0x0 linker stubs

.v4_bx          0x08001340        0x0
 .v4_bx         0x08001340        0x0 linker stubs

.iplt           0x08001340        0x0
 .iplt          0x08001340        0x0 d:/mis_programas/atollic/truestudio for stm32 9.0.1/armtools/bin/../lib/gcc/arm-atollic-eabi/6.3.1/armv7e-m/fpu/crtbegin.o

.rodata         0x08001340       0x18
                0x08001340                . = ALIGN (0x4)
 *(.rodata)
 *(.rodata*)
 .rodata.AHBPrescTable
                0x08001340       0x10 Src\system_stm32f3xx.o
                0x08001340                AHBPrescTable
 .rodata.APBPrescTable
                0x08001350        0x8 Src\system_stm32f3xx.o
                0x08001350                APBPrescTable
                0x08001358                . = ALIGN (0x4)

.rel.dyn        0x08001358        0x0
 .rel.iplt      0x08001358        0x0 d:/mis_programas/atollic/truestudio for stm32 9.0.1/armtools/bin/../lib/gcc/arm-atollic-eabi/6.3.1/armv7e-m/fpu/crtbegin.o

.ARM.extab
 *(.ARM.extab* .gnu.linkonce.armextab.*)

.ARM            0x08001358        0x0
                0x08001358                __exidx_start = .
 *(.ARM.exidx*)
                0x08001358                __exidx_end = .

.preinit_array  0x08001358        0x0
                0x08001358                PROVIDE (__preinit_array_start, .)
 *(.preinit_array*)
                0x08001358                PROVIDE (__preinit_array_end, .)

.init_array     0x08001358        0x4
                0x08001358                PROVIDE (__init_array_start, .)
 *(SORT(.init_array.*))
 *(.init_array*)
 .init_array    0x08001358        0x4 d:/mis_programas/atollic/truestudio for stm32 9.0.1/armtools/bin/../lib/gcc/arm-atollic-eabi/6.3.1/armv7e-m/fpu/crtbegin.o
                0x0800135c                PROVIDE (__init_array_end, .)

.fini_array     0x0800135c        0x4
                [!provide]                PROVIDE (__fini_array_start, .)
 *(SORT(.fini_array.*))
 *(.fini_array*)
 .fini_array    0x0800135c        0x4 d:/mis_programas/atollic/truestudio for stm32 9.0.1/armtools/bin/../lib/gcc/arm-atollic-eabi/6.3.1/armv7e-m/fpu/crtbegin.o
                [!provide]                PROVIDE (__fini_array_end, .)
                0x08001360                _sidata = LOADADDR (.data)

.data           0x20000000        0x4 load address 0x08001360
                0x20000000                . = ALIGN (0x4)
                0x20000000                _sdata = .
 *(.data)
 *(.data*)
 .data.SystemCoreClock
                0x20000000        0x4 Src\system_stm32f3xx.o
                0x20000000                SystemCoreClock
                0x20000004                . = ALIGN (0x4)
                0x20000004                _edata = .

.igot.plt       0x20000004        0x0 load address 0x08001364
 .igot.plt      0x20000004        0x0 d:/mis_programas/atollic/truestudio for stm32 9.0.1/armtools/bin/../lib/gcc/arm-atollic-eabi/6.3.1/armv7e-m/fpu/crtbegin.o
                0x20000004                . = ALIGN (0x4)

.bss            0x20000004       0x1c load address 0x08001364
                0x20000004                _sbss = .
                0x20000004                __bss_start__ = _sbss
 *(.bss)
 .bss           0x20000004       0x1c d:/mis_programas/atollic/truestudio for stm32 9.0.1/armtools/bin/../lib/gcc/arm-atollic-eabi/6.3.1/armv7e-m/fpu/crtbegin.o
 *(.bss*)
 *(COMMON)
                0x20000020                . = ALIGN (0x4)
                0x20000020                _ebss = .
                0x20000020                __bss_end__ = _ebss

._user_heap_stack
                0x20000020      0x600 load address 0x08001364
                0x20000020                . = ALIGN (0x4)
                [!provide]                PROVIDE (end, .)
                [!provide]                PROVIDE (_end, .)
                0x20000220                . = (. + _Min_Heap_Size)
 *fill*         0x20000020      0x200 
                0x20000620                . = (. + _Min_Stack_Size)
 *fill*         0x20000220      0x400 
                0x20000620                . = ALIGN (0x4)

/DISCARD/
 libc.a(*)
 libm.a(*)
 libgcc.a(*)

.ARM.attributes
                0x00000000       0x30
 *(.ARM.attributes)
 .ARM.attributes
                0x00000000       0x22 d:/mis_programas/atollic/truestudio for stm32 9.0.1/armtools/bin/../lib/gcc/arm-atollic-eabi/6.3.1/armv7e-m/fpu/crti.o
 .ARM.attributes
                0x00000022       0x34 d:/mis_programas/atollic/truestudio for stm32 9.0.1/armtools/bin/../lib/gcc/arm-atollic-eabi/6.3.1/armv7e-m/fpu/crtbegin.o
 .ARM.attributes
                0x00000056       0x39 Drivers\STM32F3xx_HAL_Driver\Src\stm32f3xx_ll_adc.o
 .ARM.attributes
                0x0000008f       0x39 Drivers\STM32F3xx_HAL_Driver\Src\stm32f3xx_ll_gpio.o
 .ARM.attributes
                0x000000c8       0x39 Drivers\STM32F3xx_HAL_Driver\Src\stm32f3xx_ll_rcc.o
 .ARM.attributes
                0x00000101       0x39 Drivers\STM32F3xx_HAL_Driver\Src\stm32f3xx_ll_tim.o
 .ARM.attributes
                0x0000013a       0x39 Drivers\STM32F3xx_HAL_Driver\Src\stm32f3xx_ll_usart.o
 .ARM.attributes
                0x00000173       0x39 Drivers\STM32F3xx_HAL_Driver\Src\stm32f3xx_ll_utils.o
 .ARM.attributes
                0x000001ac       0x39 Src\main.o
 .ARM.attributes
                0x000001e5       0x39 Src\stm32f3xx_it.o
 .ARM.attributes
                0x0000021e       0x39 Src\system_stm32f3xx.o
 .ARM.attributes
                0x00000257       0x21 startup\startup_stm32f302x8.o
 .ARM.attributes
                0x00000278       0x34 d:/mis_programas/atollic/truestudio for stm32 9.0.1/armtools/bin/../lib/gcc/arm-atollic-eabi/6.3.1/../../../../arm-atollic-eabi/lib/armv7e-m/fpu\libc_nano.a(lib_a-init.o)
 .ARM.attributes
                0x000002ac       0x22 d:/mis_programas/atollic/truestudio for stm32 9.0.1/armtools/bin/../lib/gcc/arm-atollic-eabi/6.3.1/armv7e-m/fpu/crtn.o
OUTPUT(Libre Servo v1.elf elf32-littlearm)

.debug_info     0x00000000     0x8433
 .debug_info    0x00000000      0xc14 Drivers\STM32F3xx_HAL_Driver\Src\stm32f3xx_ll_adc.o
 .debug_info    0x00000c14      0x97c Drivers\STM32F3xx_HAL_Driver\Src\stm32f3xx_ll_gpio.o
 .debug_info    0x00001590      0xa05 Drivers\STM32F3xx_HAL_Driver\Src\stm32f3xx_ll_rcc.o
 .debug_info    0x00001f95     0x1370 Drivers\STM32F3xx_HAL_Driver\Src\stm32f3xx_ll_tim.o
 .debug_info    0x00003305      0x81b Drivers\STM32F3xx_HAL_Driver\Src\stm32f3xx_ll_usart.o
 .debug_info    0x00003b20      0xab9 Drivers\STM32F3xx_HAL_Driver\Src\stm32f3xx_ll_utils.o
 .debug_info    0x000045d9     0x34e1 Src\main.o
 .debug_info    0x00007aba      0x4e8 Src\stm32f3xx_it.o
 .debug_info    0x00007fa2      0x407 Src\system_stm32f3xx.o
 .debug_info    0x000083a9       0x8a startup\startup_stm32f302x8.o

.debug_abbrev   0x00000000     0x149f
 .debug_abbrev  0x00000000      0x1e8 Drivers\STM32F3xx_HAL_Driver\Src\stm32f3xx_ll_adc.o
 .debug_abbrev  0x000001e8      0x223 Drivers\STM32F3xx_HAL_Driver\Src\stm32f3xx_ll_gpio.o
 .debug_abbrev  0x0000040b      0x28c Drivers\STM32F3xx_HAL_Driver\Src\stm32f3xx_ll_rcc.o
 .debug_abbrev  0x00000697      0x259 Drivers\STM32F3xx_HAL_Driver\Src\stm32f3xx_ll_tim.o
 .debug_abbrev  0x000008f0      0x286 Drivers\STM32F3xx_HAL_Driver\Src\stm32f3xx_ll_usart.o
 .debug_abbrev  0x00000b76      0x31a Drivers\STM32F3xx_HAL_Driver\Src\stm32f3xx_ll_utils.o
 .debug_abbrev  0x00000e90      0x35b Src\main.o
 .debug_abbrev  0x000011eb      0x194 Src\stm32f3xx_it.o
 .debug_abbrev  0x0000137f      0x10e Src\system_stm32f3xx.o
 .debug_abbrev  0x0000148d       0x12 startup\startup_stm32f302x8.o

.debug_loc      0x00000000     0x3c18
 .debug_loc     0x00000000      0x3fc Drivers\STM32F3xx_HAL_Driver\Src\stm32f3xx_ll_adc.o
 .debug_loc     0x000003fc      0x461 Drivers\STM32F3xx_HAL_Driver\Src\stm32f3xx_ll_gpio.o
 .debug_loc     0x0000085d      0x4a6 Drivers\STM32F3xx_HAL_Driver\Src\stm32f3xx_ll_rcc.o
 .debug_loc     0x00000d03     0x1044 Drivers\STM32F3xx_HAL_Driver\Src\stm32f3xx_ll_tim.o
 .debug_loc     0x00001d47      0x401 Drivers\STM32F3xx_HAL_Driver\Src\stm32f3xx_ll_usart.o
 .debug_loc     0x00002148      0x537 Drivers\STM32F3xx_HAL_Driver\Src\stm32f3xx_ll_utils.o
 .debug_loc     0x0000267f     0x1487 Src\main.o
 .debug_loc     0x00003b06       0x30 Src\stm32f3xx_it.o
 .debug_loc     0x00003b36       0xe2 Src\system_stm32f3xx.o

.debug_aranges  0x00000000      0x318
 .debug_aranges
                0x00000000       0x68 Drivers\STM32F3xx_HAL_Driver\Src\stm32f3xx_ll_adc.o
 .debug_aranges
                0x00000068       0x30 Drivers\STM32F3xx_HAL_Driver\Src\stm32f3xx_ll_gpio.o
 .debug_aranges
                0x00000098       0x80 Drivers\STM32F3xx_HAL_Driver\Src\stm32f3xx_ll_rcc.o
 .debug_aranges
                0x00000118       0x80 Drivers\STM32F3xx_HAL_Driver\Src\stm32f3xx_ll_tim.o
 .debug_aranges
                0x00000198       0x40 Drivers\STM32F3xx_HAL_Driver\Src\stm32f3xx_ll_usart.o
 .debug_aranges
                0x000001d8       0x50 Drivers\STM32F3xx_HAL_Driver\Src\stm32f3xx_ll_utils.o
 .debug_aranges
                0x00000228       0x58 Src\main.o
 .debug_aranges
                0x00000280       0x48 Src\stm32f3xx_it.o
 .debug_aranges
                0x000002c8       0x28 Src\system_stm32f3xx.o
 .debug_aranges
                0x000002f0       0x28 startup\startup_stm32f302x8.o

.debug_ranges   0x00000000      0x828
 .debug_ranges  0x00000000       0x58 Drivers\STM32F3xx_HAL_Driver\Src\stm32f3xx_ll_adc.o
 .debug_ranges  0x00000058       0x80 Drivers\STM32F3xx_HAL_Driver\Src\stm32f3xx_ll_gpio.o
 .debug_ranges  0x000000d8      0x108 Drivers\STM32F3xx_HAL_Driver\Src\stm32f3xx_ll_rcc.o
 .debug_ranges  0x000001e0       0xe8 Drivers\STM32F3xx_HAL_Driver\Src\stm32f3xx_ll_tim.o
 .debug_ranges  0x000002c8       0x60 Drivers\STM32F3xx_HAL_Driver\Src\stm32f3xx_ll_usart.o
 .debug_ranges  0x00000328      0x168 Drivers\STM32F3xx_HAL_Driver\Src\stm32f3xx_ll_utils.o
 .debug_ranges  0x00000490      0x328 Src\main.o
 .debug_ranges  0x000007b8       0x38 Src\stm32f3xx_it.o
 .debug_ranges  0x000007f0       0x18 Src\system_stm32f3xx.o
 .debug_ranges  0x00000808       0x20 startup\startup_stm32f302x8.o

.debug_line     0x00000000     0x25fa
 .debug_line    0x00000000      0x421 Drivers\STM32F3xx_HAL_Driver\Src\stm32f3xx_ll_adc.o
 .debug_line    0x00000421      0x38c Drivers\STM32F3xx_HAL_Driver\Src\stm32f3xx_ll_gpio.o
 .debug_line    0x000007ad      0x4c3 Drivers\STM32F3xx_HAL_Driver\Src\stm32f3xx_ll_rcc.o
 .debug_line    0x00000c70      0x564 Drivers\STM32F3xx_HAL_Driver\Src\stm32f3xx_ll_tim.o
 .debug_line    0x000011d4      0x32c Drivers\STM32F3xx_HAL_Driver\Src\stm32f3xx_ll_usart.o
 .debug_line    0x00001500      0x460 Drivers\STM32F3xx_HAL_Driver\Src\stm32f3xx_ll_utils.o
 .debug_line    0x00001960      0x7ed Src\main.o
 .debug_line    0x0000214d      0x251 Src\stm32f3xx_it.o
 .debug_line    0x0000239e      0x1dd Src\system_stm32f3xx.o
 .debug_line    0x0000257b       0x7f startup\startup_stm32f302x8.o

.debug_str      0x00000000     0x24f6
 .debug_str     0x00000000      0x6ef Drivers\STM32F3xx_HAL_Driver\Src\stm32f3xx_ll_adc.o
                                0x780 (size before relaxing)
 .debug_str     0x000006ef      0x173 Drivers\STM32F3xx_HAL_Driver\Src\stm32f3xx_ll_gpio.o
                                0x44c (size before relaxing)
 .debug_str     0x00000862      0x47a Drivers\STM32F3xx_HAL_Driver\Src\stm32f3xx_ll_rcc.o
                                0x723 (size before relaxing)
 .debug_str     0x00000cdc      0x6af Drivers\STM32F3xx_HAL_Driver\Src\stm32f3xx_ll_tim.o
                                0x989 (size before relaxing)
 .debug_str     0x0000138b      0x211 Drivers\STM32F3xx_HAL_Driver\Src\stm32f3xx_ll_usart.o
                                0x5d9 (size before relaxing)
 .debug_str     0x0000159c      0x32b Drivers\STM32F3xx_HAL_Driver\Src\stm32f3xx_ll_utils.o
                                0x68b (size before relaxing)
 .debug_str     0x000018c7      0xa60 Src\main.o
                               0x14f4 (size before relaxing)
 .debug_str     0x00002327      0x17f Src\stm32f3xx_it.o
                                0x475 (size before relaxing)
 .debug_str     0x000024a6       0x50 Src\system_stm32f3xx.o
                                0x315 (size before relaxing)

.comment        0x00000000       0x7c
 .comment       0x00000000       0x7c Drivers\STM32F3xx_HAL_Driver\Src\stm32f3xx_ll_adc.o
                                 0x7d (size before relaxing)
 .comment       0x0000007c       0x7d Drivers\STM32F3xx_HAL_Driver\Src\stm32f3xx_ll_gpio.o
 .comment       0x0000007c       0x7d Drivers\STM32F3xx_HAL_Driver\Src\stm32f3xx_ll_rcc.o
 .comment       0x0000007c       0x7d Drivers\STM32F3xx_HAL_Driver\Src\stm32f3xx_ll_tim.o
 .comment       0x0000007c       0x7d Drivers\STM32F3xx_HAL_Driver\Src\stm32f3xx_ll_usart.o
 .comment       0x0000007c       0x7d Drivers\STM32F3xx_HAL_Driver\Src\stm32f3xx_ll_utils.o
 .comment       0x0000007c       0x7d Src\main.o
 .comment       0x0000007c       0x7d Src\stm32f3xx_it.o
 .comment       0x0000007c       0x7d Src\system_stm32f3xx.o

.debug_frame    0x00000000      0x710
 .debug_frame   0x00000000       0xe4 Drivers\STM32F3xx_HAL_Driver\Src\stm32f3xx_ll_adc.o
 .debug_frame   0x000000e4       0x54 Drivers\STM32F3xx_HAL_Driver\Src\stm32f3xx_ll_gpio.o
 .debug_frame   0x00000138      0x140 Drivers\STM32F3xx_HAL_Driver\Src\stm32f3xx_ll_rcc.o
 .debug_frame   0x00000278      0x11c Drivers\STM32F3xx_HAL_Driver\Src\stm32f3xx_ll_tim.o
 .debug_frame   0x00000394       0x7c Drivers\STM32F3xx_HAL_Driver\Src\stm32f3xx_ll_usart.o
 .debug_frame   0x00000410       0xcc Drivers\STM32F3xx_HAL_Driver\Src\stm32f3xx_ll_utils.o
 .debug_frame   0x000004dc       0xc0 Src\main.o
 .debug_frame   0x0000059c      0x110 Src\stm32f3xx_it.o
 .debug_frame   0x000006ac       0x38 Src\system_stm32f3xx.o
 .debug_frame   0x000006e4       0x2c d:/mis_programas/atollic/truestudio for stm32 9.0.1/armtools/bin/../lib/gcc/arm-atollic-eabi/6.3.1/../../../../arm-atollic-eabi/lib/armv7e-m/fpu\libc_nano.a(lib_a-init.o)
