stm32f3xx_ll_adc.c:600:13:LL_ADC_CommonDeInit	0	static
stm32f3xx_ll_adc.c:655:13:LL_ADC_CommonInit	0	static
stm32f3xx_ll_adc.c:735:6:LL_ADC_CommonStructInit	0	static
stm32f3xx_ll_adc.c:768:13:LL_ADC_DeInit	16	static
stm32f3xx_ll_adc.c:1038:13:LL_ADC_Init	8	static
stm32f3xx_ll_adc.c:1083:6:LL_ADC_StructInit	0	static
stm32f3xx_ll_adc.c:1125:13:LL_ADC_REG_Init	20	static
stm32f3xx_ll_adc.c:1216:6:LL_ADC_REG_StructInit	0	static
stm32f3xx_ll_adc.c:1269:13:LL_ADC_INJ_Init	12	static
stm32f3xx_ll_adc.c:1344:6:LL_ADC_INJ_StructInit	0	static
